------------------------------------------------------------
TimeQuest Timing Analyzer Summary
------------------------------------------------------------

Type  : Slow 1100mV 85C Model Setup 'Clock'
Slack : 5.983
TNS   : 0.000

Type  : Slow 1100mV 85C Model Hold 'Clock'
Slack : 0.615
TNS   : 0.000

Type  : Slow 1100mV 85C Model Minimum Pulse Width 'Clock'
Slack : 2.996
TNS   : 0.000

Type  : Slow 1100mV 0C Model Setup 'Clock'
Slack : 5.914
TNS   : 0.000

Type  : Slow 1100mV 0C Model Hold 'Clock'
Slack : 0.645
TNS   : 0.000

Type  : Slow 1100mV 0C Model Minimum Pulse Width 'Clock'
Slack : 2.882
TNS   : 0.000

Type  : Fast 1100mV 85C Model Setup 'Clock'
Slack : 6.896
TNS   : 0.000

Type  : Fast 1100mV 85C Model Hold 'Clock'
Slack : 0.198
TNS   : 0.000

Type  : Fast 1100mV 85C Model Minimum Pulse Width 'Clock'
Slack : 3.164
TNS   : 0.000

Type  : Fast 1100mV 0C Model Setup 'Clock'
Slack : 6.926
TNS   : 0.000

Type  : Fast 1100mV 0C Model Hold 'Clock'
Slack : 0.192
TNS   : 0.000

Type  : Fast 1100mV 0C Model Minimum Pulse Width 'Clock'
Slack : 3.162
TNS   : 0.000

------------------------------------------------------------
